python : usage: manage.py test [-h] [--noinput] [--testrunner TESTRUNNER] 
[--failfast]
At line:1 char:52
+ ... vsec-demo ; python manage.py test shyaka.tests_file_upload -q 2>&1 |  ...
+                 ~~~~~~~~~~~~~~~~~~~~~~~~~~~~~~~~~~~~~~~~~~~~~~~~~~~~~~
    + CategoryInfo          : NotSpecified: (usage: manage.p...R] [--failfast] 
   :String) [], RemoteException
    + FullyQualifiedErrorId : NativeCommandError
 
                      [-t TOP_LEVEL] [-p PATTERN] [--keepdb]
                      [--shuffle [SEED]] [-r] [--debug-mode] [-d]
                      [--parallel [N]] [--tag TAGS]
                      [--exclude-tag EXCLUDE_TAGS] [--pdb] [-b]
                      [--no-faulthandler] [--timing] [-k TEST_NAME_PATTERNS]
                      [--durations N] [--version] [-v {0,1,2,3}]
                      [--settings SETTINGS] [--pythonpath PYTHONPATH]
                      [--traceback] [--no-color] [--force-color]
                      [test_label ...]
manage.py test: error: unrecognized arguments: -q
